
> portfolio-buzz-frontend@1.0.0 build
> next build

  Γû▓ Next.js 14.2.33
  - Environments: .env.local

   Linting and checking validity of types ...
npm : Failed to compile.
At line:1 char:1
+ npm run build > 
build_output.txt 2>&1
+ ~~~~~~~~~~~~~~~~~~~~~~~~~~
~~~~~~~~~~~
    + CategoryInfo          
    : NotSpecified: (Faile  
  d to compile.:String) [   
 ], RemoteException
    + FullyQualifiedErrorId 
    : NativeCommandError
 

./pages/mf-positions.tsx:490
:42
Type error: Cannot find 
name 'Activity'.

[0m [90m 488 |[39m       
                          {
[33m![39mformData[33m.[39
munits [33m&&[39m 
[33m![39misFetchingNav 
[33m&&[39m selectedFund 
[33m&&[39m formData[33m.
[39minvested_amount 
[33m&&[39m formData[33m.
[39mpurchase_date 
[33m&&[39m ([0m
[0m [90m 489 |[39m       
                            
  [33m<[39m[33mdiv[39m c
lassName[33m=[39m[32m"fle
x items-center gap-2 
text-[10px] font-black 
text-blue-400 uppercase 
tracking-widest 
bg-blue-500/5 p-3 
rounded-xl animate-pulse"[3
9m[33m>[39m[0m
[0m[31m[1m>[22m[39m[90
m 490 |[39m                
                         [3
3m<[39m[33mActivity[39m s
ize[33m=[39m{[35m12[39m}
 [33m/[39m[33m>[39m[0m
[0m [90m     |[39m       
                            
       
[31m[1m^[22m[39m[0m
[0m [90m 491 |[39m       
                            
      [33mUnits[39m will 
be calculated automatically 
on save[33m.[39m[0m
[0m [90m 492 |[39m       
                            
  [33m<[39m[33m/[39m[33
mdiv[39m[33m>[39m[0m
[0m [90m 493 |[39m       
                          
)}[0m
Next.js build worker exited 
with code: 1 and signal: 
null
